// Jest Snapshot v1, https://goo.gl/fbAQLP

exports[`renders correctly 1`] = `
<div>
  <div
    className="flex items-center gap-2"
  >
    <input
      className="checkbox checkbox-primary "
      type="checkbox"
    />
    <label
      className="label label-text"
    />
  </div>
  <label
    className="label"
  >
    <span
      className="label-text-alt"
    />
    <span
      className="label-text-alt "
    />
  </label>
</div>
`;
