// Jest Snapshot v1, https://goo.gl/fbAQLP

exports[`renders correctly 1`] = `
<section
  className="relative md:max-w-lg mx-auto"
>
  <form
    className="flex flex-col gap-4"
    onSubmit={[Function]}
  >
    <h1
      className="text-3xl font-black text-center"
    >
      addItem
    </h1>
    <div>
      <div
        className="label"
      >
        <label
          className="label-text"
          htmlFor="title"
        >
          titleLabel
        </label>
        <label
          className="label-text-alt "
        />
      </div>
      <input
        className="input bg-white input-primary w-full"
        id="title"
        name="title"
        onBlur={[Function]}
        onChange={[Function]}
        placeholder="titlePlaceholder"
        type="text"
        value=""
      />
    </div>
    <div>
      <div
        className="label"
      >
        <label
          className="label-text"
          htmlFor="category"
        >
          categoryLabel
        </label>
        <label
          className="label-text-alt "
        />
      </div>
      <select
        className="select select-primary bg-white w-full"
        defaultValue="name"
        id="category"
        onChange={[Function]}
      >
        <option
          value="stateKey"
        >
          name
        </option>
      </select>
    </div>
    <div>
      <div
        className="label"
      >
        <label
          className="label-text"
          htmlFor="location"
        >
          locationLabel
        </label>
        <label
          className="label-text-alt "
        />
      </div>
      <select
        className="select select-primary bg-white w-full"
        defaultValue="name"
        id="location"
        onChange={[Function]}
      >
        <option
          value="stateKey"
        >
          name
        </option>
      </select>
    </div>
    <div
      className="form-control"
    >
      <div
        className="label"
      >
        <label
          className="label-text"
          htmlFor="description"
        >
          descriptionLabel
        </label>
        <label
          className="label-text-alt "
        />
      </div>
      <textarea
        className="textarea textarea-primary textarea-bordered h-24 w-full"
        id="description"
        name="description"
        onBlur={[Function]}
        onChange={[Function]}
        placeholder="descriptionPlaceHolder"
        type="text"
        value=""
      />
      <label
        className="label"
      >
        <span
          className="label-text-alt"
        />
        <span
          className="label-text-alt "
        >
          0
          /
          150
        </span>
      </label>
    </div>
    <div
      className="label"
    >
      <label
        className="label-text"
        htmlFor="file-upload"
      >
        imageLabel
      </label>
    </div>
    <input
      className="file-input"
      dir=""
      id="file-upload"
      label="imageLabel"
      multiple={true}
      name="image"
      onChange={[Function]}
      type="file"
    />
    <div
      className="form-control"
    >
      <label
        className="label"
      >
        <labe
          className="label-text"
        >
          <span
            className="text-error"
          >
            *
          </span>
           What this item for?
        </labe>
        <span
          classNclassName="label-text-alt "
        />
      </label>
      <div
        className="flex flex-col md:flex-row gap-2 md:justify-between md:items-center"
      >
        <button
          className="bg-black px-3 py-2 flex-1 text-sm font-light rounded-lg text-white"
          onClick={[Function]}
          type="button"
        >
          For Exchange
        </button>
        <button
          className="bg-black px-3 py-2 flex-1 text-sm font-light rounded-lg text-white"
          onClick={[Function]}
          type="button"
        >
          Looking For
        </button>
        <button
          className="bg-black px-3 py-2 flex-1 text-sm font-light rounded-lg text-white"
          onClick={[Function]}
          type="button"
        >
          Donation
        </button>
      </div>
    </div>
    <div
      className="flex flex-col md:flex-row gap-2 justify-center mt-2"
    >
      <button
        className="btn btn-primary flex-1 md:self-center text-white"
        type="submit"
      >
        addItem
      </button>
      <a
        className="btn flex-1 md:self-center"
        href="/products"
        onClick={[Function]}
        onMouseEnter={[Function]}
        onTouchStart={[Function]}
      >
        cancel
      </a>
    </div>
  </form>
</section>
`;
