// Jest Snapshot v1, https://goo.gl/fbAQLP

exports[`renders correctly 1`] = `
<div
  className="flex flex-col md:flex-row gap-4 justify-center items-center"
>
  <section
    className="flex rounded-2xl drop-shadow-md flex-row gap-4 md:gap-1 items-center justify-center w-full md:w-1/4 md:flex-col"
  >
    <div
      className="avatar m-[6px]"
    >
      <div
        className="w-20 rounded-full relative ring ring-primary ring-offset-base-100 ring-offset-2 group"
      >
        <img
          alt="User Profile"
          className="object-cover w-full h-full"
          data-nimg="1"
          decoding="async"
          fetchpriority="high"
          height={150}
          onError={[Function]}
          onLoad={[Function]}
          src="/_next/image?url=%2Fimg.jpg&w=384&q=75"
          srcSet="/_next/image?url=%2Fimg.jpg&w=256&q=75 1x, /_next/image?url=%2Fimg.jpg&w=384&q=75 2x"
          style={
            Object {
              "color": "transparent",
            }
          }
          width={150}
        />
        <div
          className="absolute hidden w-full h-full bg-white rounded-full top-0 left-0 group-hover:flex cursor-pointer bg-opacity-50 "
          type="file"
        >
          <input
            accept="image/*"
            className="absolute hidden text-xs"
            id="fileInput"
            onChange={[Function]}
            type="file"
          />
          <label
            className="text-4xl w-full h-full flex items-center justify-center cursor-pointer"
            htmlFor="fileInput"
          >
            <svg
              fill="currentColor"
              height={24}
              stroke="currentColor"
              strokeWidth="0"
              style={
                Object {
                  "color": undefined,
                }
              }
              viewBox="0 0 16 16"
              width={24}
              xmlns="http://www.w3.org/2000/svg"
            >
              <path
                d="M.002 3a2 2 0 0 1 2-2h12a2 2 0 0 1 2 2v10a2 2 0 0 1-2 2h-12a2 2 0 0 1-2-2V3zm1 9v1a1 1 0 0 0 1 1h12a1 1 0 0 0 1-1V9.5l-3.777-1.947a.5.5 0 0 0-.577.093l-3.71 3.71-2.66-1.772a.5.5 0 0 0-.63.062L1.002 12zm5-6.5a1.5 1.5 0 1 0-3 0 1.5 1.5 0 0 0 3 0z"
              />
            </svg>
          </label>
        </div>
      </div>
    </div>
    <div
      className="md:text-center text:start w-full"
    >
      <h3
        className="font-bold text-xl"
      >
        John
      </h3>
      <p
        className="text-md text-gray-600"
      >
        states:1- Adrad
      </p>
    </div>
  </section>
  <section
    className="flex md:justify-between md:items-center tracking-wider md:flex-row gap-2 bg-white drop-shadow-md md:gap-6 w-full rounded-2xl"
    dir="ltr"
  >
    <div
      className="flex flex-col md:flex-row gap-2 p-6 md:gap-6 flex-1"
    >
      <div
        className="flex flex-col gap-2"
      >
        <p>
          <span
            className="font-bold"
          >
            userinfo.name
            :
             
          </span>
          <span>
            John
          </span>
        </p>
        <p>
          <span
            className="font-bold"
          >
            userinfo.location
            :
             
          </span>
          <span>
            states:1- Adrad
          </span>
        </p>
      </div>
      <div
        className="flex flex-col gap-2"
      >
        <p>
          <span
            className="font-bold"
          >
            userinfo.email
            :
             
          </span>
          <span>
            jhm@gmail.com
          </span>
        </p>
        <p>
          <span
            className="font-bold"
          >
            userinfo.phoneNumber
            :
             
          </span>
          <span>
            123
          </span>
        </p>
      </div>
      <p
        className="self-start"
      >
        <span
          className="font-bold"
        >
          userinfo.language
          :
           
        </span>
        <span>
          en
        </span>
      </p>
    </div>
    <div
      className="self-start md:self-stretch md:bg-gray-100 md:rounded-tr-2xl md:rounded-br-2xl"
    >
      <button
        className="btn transition-all duration-500 ease-in-out group btn-ghost hover:bg-opacity-10 rounded-2xl h-full
            md:rounded-tl-none md:rounded-bl-none
            "
        onClick={[Function]}
      >
        <svg
          className="text-gray-400 text-xl md:mx-2 transition-all duration-500 ease-in-out group-hover:text-gray-800"
          fill="currentColor"
          height="1em"
          stroke="currentColor"
          strokeWidth="0"
          style={
            Object {
              "color": undefined,
            }
          }
          viewBox="0 0 16 16"
          width="1em"
          xmlns="http://www.w3.org/2000/svg"
        >
          <path
            d="M12.854.146a.5.5 0 0 0-.707 0L10.5 1.793 14.207 5.5l1.647-1.646a.5.5 0 0 0 0-.708l-3-3zm.646 6.061L9.793 2.5 3.293 9H3.5a.5.5 0 0 1 .5.5v.5h.5a.5.5 0 0 1 .5.5v.5h.5a.5.5 0 0 1 .5.5v.5h.5a.5.5 0 0 1 .5.5v.207l6.5-6.5zm-7.468 7.468A.5.5 0 0 1 6 13.5V13h-.5a.5.5 0 0 1-.5-.5V12h-.5a.5.5 0 0 1-.5-.5V11h-.5a.5.5 0 0 1-.5-.5V10h-.5a.499.499 0 0 1-.175-.032l-.179.178a.5.5 0 0 0-.11.168l-2 5a.5.5 0 0 0 .65.65l5-2a.5.5 0 0 0 .168-.11l.178-.178z"
          />
        </svg>
      </button>
      <dialog
        className="modal bg-black bg-opacity-40"
        id="my_modal_1"
      >
        <div
          className="modal-box bg-white transition-all duration-500 ease-in-out"
        >
          <form
            className="flex flex-col gap-4"
            onSubmit={[Function]}
          >
            <h1
              className="text-xl font-bold text-center"
            >
              Update your personal profile
            </h1>
            <div>
              <div
                className="label ml-2"
              >
                <label
                  className="label-text"
                  htmlFor="name"
                >
                  userUpadteForm.nameLabel
                </label>
                <label
                  className="label-text-alt "
                />
              </div>
              <input
                className="input bg-white input-primary w-full rounded-full border-opacity-25"
                id="name"
                name="name"
                onBlur={[Function]}
                onChange={[Function]}
                placeholder="userUpadteForm.namePlaceholder"
                type="text"
                value="John"
              />
            </div>
            <div>
              <div
                className="label ml-2"
              >
                <label
                  className="label-text"
                  htmlFor="email"
                >
                  userUpadteForm.emailLabel
                </label>
                <label
                  className="label-text-alt "
                />
              </div>
              <input
                className="input bg-white input-primary w-full rounded-full border-opacity-25"
                id="email"
                name="email"
                onBlur={[Function]}
                onChange={[Function]}
                placeholder="userUpadteForm.emailPlaceholder"
                type="email"
                value="jhm@gmail.com"
              />
            </div>
            <div>
              <div
                className="label ml-2"
              >
                <label
                  className="label-text"
                  htmlFor="phone"
                >
                  userUpadteForm.phoneLabel
                </label>
                <label
                  className="label-text-alt "
                />
              </div>
              <input
                className="input bg-white input-primary w-full rounded-full border-opacity-25"
                id="phone"
                name="phone"
                onBlur={[Function]}
                onChange={[Function]}
                placeholder="userUpadteForm.phonePlaceholder"
                type="text"
                value="123"
              />
            </div>
            <div>
              <div
                className="label"
              >
                <label
                  className="label-text"
                  htmlFor="location"
                >
                  userUpadteForm.locationLabel
                </label>
                <label
                  className="label-text-alt "
                />
              </div>
              <select
                className="select select-primary bg-white w-full border-opacity-25 rounded-3xl"
                defaultValue="1- Adrad"
                id="location"
                onChange={[Function]}
              >
                <option
                  value="adrar"
                >
                  adrar
                </option>
                <option
                  value="chlef"
                >
                  chlef
                </option>
                <option
                  value="laghouat"
                >
                  laghouat
                </option>
                <option
                  value="oumElBouaghi"
                >
                  oumElBouaghi
                </option>
                <option
                  value="batna"
                >
                  batna
                </option>
                <option
                  value="bejaia"
                >
                  bejaia
                </option>
                <option
                  value="biskra"
                >
                  biskra
                </option>
                <option
                  value="bechar"
                >
                  bechar
                </option>
                <option
                  value="blida"
                >
                  blida
                </option>
                <option
                  value="bouira"
                >
                  bouira
                </option>
                <option
                  value="tamanrasset"
                >
                  tamanrasset
                </option>
                <option
                  value="tebessa"
                >
                  tebessa
                </option>
                <option
                  value="tlemcen"
                >
                  tlemcen
                </option>
                <option
                  value="tiaret"
                >
                  tiaret
                </option>
                <option
                  value="tiziOuzou"
                >
                  tiziOuzou
                </option>
                <option
                  value="algiers"
                >
                  algiers
                </option>
                <option
                  value="djelfa"
                >
                  djelfa
                </option>
                <option
                  value="jijel"
                >
                  jijel
                </option>
                <option
                  value="setif"
                >
                  setif
                </option>
                <option
                  value="saida"
                >
                  saida
                </option>
                <option
                  value="skikda"
                >
                  skikda
                </option>
                <option
                  value="sidiBelAbbes"
                >
                  sidiBelAbbes
                </option>
                <option
                  value="annaba"
                >
                  annaba
                </option>
                <option
                  value="guelma"
                >
                  guelma
                </option>
                <option
                  value="constantine"
                >
                  constantine
                </option>
                <option
                  value="medea"
                >
                  medea
                </option>
                <option
                  value="mostaganem"
                >
                  mostaganem
                </option>
                <option
                  value="mSila"
                >
                  mSila
                </option>
                <option
                  value="mascara"
                >
                  mascara
                </option>
                <option
                  value="ouargla"
                >
                  ouargla
                </option>
                <option
                  value="oran"
                >
                  oran
                </option>
                <option
                  value="elBayadh"
                >
                  elBayadh
                </option>
                <option
                  value="illizi"
                >
                  illizi
                </option>
                <option
                  value="bordjBouArreridj"
                >
                  bordjBouArreridj
                </option>
                <option
                  value="boumerdes"
                >
                  boumerdes
                </option>
                <option
                  value="elTarf"
                >
                  elTarf
                </option>
                <option
                  value="tindouf"
                >
                  tindouf
                </option>
                <option
                  value="tissemsilt"
                >
                  tissemsilt
                </option>
                <option
                  value="elOued"
                >
                  elOued
                </option>
                <option
                  value="khenchela"
                >
                  khenchela
                </option>
                <option
                  value="soukAhras"
                >
                  soukAhras
                </option>
                <option
                  value="tipaza"
                >
                  tipaza
                </option>
                <option
                  value="mila"
                >
                  mila
                </option>
                <option
                  value="ainDefla"
                >
                  ainDefla
                </option>
                <option
                  value="naama"
                >
                  naama
                </option>
                <option
                  value="ainTemouchent"
                >
                  ainTemouchent
                </option>
                <option
                  value="ghardaia"
                >
                  ghardaia
                </option>
                <option
                  value="relizane"
                >
                  relizane
                </option>
                <option
                  value="timimoun"
                >
                  timimoun
                </option>
                <option
                  value="bordjBadjiMokhtar"
                >
                  bordjBadjiMokhtar
                </option>
                <option
                  value="ouledDjellal"
                >
                  ouledDjellal
                </option>
                <option
                  value="beniAbbes"
                >
                  beniAbbes
                </option>
                <option
                  value="ainSalah"
                >
                  ainSalah
                </option>
                <option
                  value="ainGuezzam"
                >
                  ainGuezzam
                </option>
                <option
                  value="touggourt"
                >
                  touggourt
                </option>
                <option
                  value="djanet"
                >
                  djanet
                </option>
                <option
                  value="elMGhair"
                >
                  elMGhair
                </option>
                <option
                  value="elMenia"
                >
                  elMenia
                </option>
              </select>
            </div>
            <div
              className="modal-action"
            >
              <button
                className="btn rounded-full normal-case tracking-wider btn-active"
                type="submit"
              >
                userUpadteForm.submit
              </button>
              <div
                method="dialog"
              >
                <button
                  className="btn btn-outline rounded-full normal-case tracking-wider font-light"
                  onClick={[Function]}
                  type="button"
                >
                  userUpadteForm.cancel
                </button>
              </div>
            </div>
          </form>
        </div>
      </dialog>
    </div>
  </section>
</div>
`;
