// Jest Snapshot v1, https://goo.gl/fbAQLP

exports[`renders correctly 1`] = `
<div
  className="max-w-6xl mx-auto px-8 xl:px-0 undefined"
>
  <div
    className="flex flex-col justify-between items-center lg:flex-row-reverse gap-10 lg:gap-4 lg:min-h-screen my-20 lg:my-0"
  >
    <figure
      className="w-96 md:px-0 px-8"
      id="illustration"
    >
      <img
        alt="hero illustration"
        data-nimg="1"
        decoding="async"
        fetchpriority="high"
        height={400}
        onError={[Function]}
        onLoad={[Function]}
        src="/_next/image?url=%2Fimg.jpg&w=828&q=75"
        srcSet="/_next/image?url=%2Fimg.jpg&w=640&q=75 1x, /_next/image?url=%2Fimg.jpg&w=828&q=75 2x"
        style={
          Object {
            "backgroundImage": "url(\\"data:image/svg+xml;charset=utf-8,%3Csvg xmlns='http://www.w3.org/2000/svg' viewBox='0 0 400 400'%3E%3Cfilter id='b' color-interpolation-filters='sRGB'%3E%3CfeGaussianBlur stdDeviation='20'/%3E%3CfeColorMatrix values='1 0 0 0 0 0 1 0 0 0 0 0 1 0 0 0 0 0 100 -1' result='s'/%3E%3CfeFlood x='0' y='0' width='100%25' height='100%25'/%3E%3CfeComposite operator='out' in='s'/%3E%3CfeComposite in2='SourceGraphic'/%3E%3CfeGaussianBlur stdDeviation='20'/%3E%3C/filter%3E%3Cimage width='100%25' height='100%25' x='0' y='0' preserveAspectRatio='none' style='filter: url(%23b);' href='blur.jpg'/%3E%3C/svg%3E\\")",
            "backgroundPosition": "50% 50%",
            "backgroundRepeat": "no-repeat",
            "backgroundSize": "cover",
            "color": "transparent",
          }
        }
        width={400}
      />
    </figure>
    <div
      className="flex flex-col justify-start lg:w-1/2 lg:gap-8 gap-4"
      id="text"
    >
      <h1
        className="text-3xl md:text-5xl font-bold"
      >
        hero.title
      </h1>
      <p
        className="text-start font-light text-md md:text-lg"
      >
        hero.description
      </p>
      <button
        className="btn btn-primary self-start"
      >
        buttons.donate
      </button>
    </div>
  </div>
</div>
`;
