// Jest Snapshot v1, https://goo.gl/fbAQLP

exports[`renders correctly 1`] = `
<div
  className="max-w-6xl mx-auto px-8 xl:px-0 undefined"
>
  <div
    className="flex flex-col justify-between items-center lg:flex-row-reverse gap-10 lg:gap-4 lg:min-h-screen my-20 lg:my-0"
  >
    <figure
      className="w-96 md:px-0 px-8"
      id="illustration"
    >
      <img
        alt="hero illustration"
        data-nimg="1"
        decoding="async"
        fetchpriority="high"
        height={40}
        onError={[Function]}
        onLoad={[Function]}
        src="/_next/image?url=%2Fimg.jpg&w=96&q=75"
        srcSet="/_next/image?url=%2Fimg.jpg&w=48&q=75 1x, /_next/image?url=%2Fimg.jpg&w=96&q=75 2x"
        style={
          Object {
            "color": "transparent",
          }
        }
        width={40}
      />
    </figure>
    <div
      className="flex flex-col justify-start lg:w-1/2 lg:gap-8 gap-4"
      id="text"
    >
      <h1
        className="text-3xl md:text-5xl font-bold"
      >
        hero.title
      </h1>
      <p
        className="text-start font-light text-md md:text-lg"
      >
        hero.description
      </p>
      <button
        className="btn btn-primary self-start"
      >
        buttons.donate
      </button>
    </div>
  </div>
</div>
`;
