// Jest Snapshot v1, https://goo.gl/fbAQLP

exports[`renders correctly 1`] = `
<div
  className="flex flex-col gap-10 justify-center items-center  lg:flex-row "
  dir="ltr"
>
  <div
    className="relative lg:flex-1"
  >
    <figure
      className="relative w-80 h-60 lg:w-[100%] lg:h-80"
    >
      <img
        alt="Sample Blog Title"
        className="object-cover w-full h-full rounded-2xl"
        data-nimg="fill"
        decoding="async"
        fetchpriority="high"
        onError={[Function]}
        onLoad={[Function]}
        sizes="(max-width: 768px) 100vw, (max-width: 1200px) 50vw, 33vw"
        src="/_next/image?url=%2Fsample-image.jpg&w=3840&q=75"
        srcSet="/_next/image?url=%2Fsample-image.jpg&w=256&q=75 256w, /_next/image?url=%2Fsample-image.jpg&w=384&q=75 384w, /_next/image?url=%2Fsample-image.jpg&w=640&q=75 640w, /_next/image?url=%2Fsample-image.jpg&w=750&q=75 750w, /_next/image?url=%2Fsample-image.jpg&w=828&q=75 828w, /_next/image?url=%2Fsample-image.jpg&w=1080&q=75 1080w, /_next/image?url=%2Fsample-image.jpg&w=1200&q=75 1200w, /_next/image?url=%2Fsample-image.jpg&w=1920&q=75 1920w, /_next/image?url=%2Fsample-image.jpg&w=2048&q=75 2048w, /_next/image?url=%2Fsample-image.jpg&w=3840&q=75 3840w"
        style={
          Object {
            "bottom": 0,
            "color": "transparent",
            "height": "100%",
            "left": 0,
            "objectFit": undefined,
            "objectPosition": undefined,
            "position": "absolute",
            "right": 0,
            "top": 0,
            "width": "100%",
          }
        }
      />
    </figure>
    <span
      className="absolute bottom-0 left-0 bg-primary text-white p-2 text-sm lg:hidden"
    >
      Invalid date
    </span>
  </div>
  <div
    className="flex flex-col lg:flex-1 gap-4"
  >
    <div>
      <h2
        className="font-bold text-2xl"
      >
        Sample Blog Title
      </h2>
      <span
        className="my-1 text-sm text-gray-600 font-light hidden lg:block"
      >
        Invalid date
      </span>
    </div>
    <p>
      Sample description for the blog...
    </p>
    <a
      href="/blogs/1"
      onClick={[Function]}
      onMouseEnter={[Function]}
      onTouchStart={[Function]}
    >
      <div>
        <button
          className="btn bg-black text-white btn-sm"
        >
          buttons.readMore
        </button>
      </div>
    </a>
  </div>
</div>
`;
