// Jest Snapshot v1, https://goo.gl/fbAQLP

exports[`renders correctly 1`] = `
<div
  className="navbar bg-white"
>
  <div
    className="navbar-start ml-7"
  >
    <a
      href="/"
      onClick={[Function]}
      onMouseEnter={[Function]}
      onTouchStart={[Function]}
    >
      <p
        className="font-bold"
      >
        Unify.
      </p>
    </a>
  </div>
  <div
    className="navbar-center hidden lg:block"
  >
    <ul
      className="menu menu-horizontal px-1"
    >
      <li>
        <a
          href=""
          onClick={[Function]}
          onMouseEnter={[Function]}
          onTouchStart={[Function]}
        >
          Home
        </a>
      </li>
      <li>
        <a
          href=""
          onClick={[Function]}
          onMouseEnter={[Function]}
          onTouchStart={[Function]}
        >
          About Us
        </a>
      </li>
      <li>
        <a
          href=""
          onClick={[Function]}
          onMouseEnter={[Function]}
          onTouchStart={[Function]}
        >
          Products
        </a>
      </li>
      <li>
        <a
          href=""
          onClick={[Function]}
          onMouseEnter={[Function]}
          onTouchStart={[Function]}
        >
          Blogs
        </a>
      </li>
    </ul>
  </div>
  <div
    className="navbar-end mr-7"
  >
    <div
      className="dropdown dropdown-end"
    >
      <button
        className="btn btn-ghost btn-circle avatar hidden md:hidden lg:block hover:bg-white transform scale-100 hover:scale-110 transition-transform duration-200 ease-in-out"
        tabIndex={0}
        type="button"
      >
        <svg
          aria-hidden="true"
          className="h-6 w-6"
          fill="none"
          height="1em"
          stroke="currentColor"
          strokeWidth="1.5"
          style={
            Object {
              "color": undefined,
            }
          }
          viewBox="0 0 24 24"
          width="1em"
          xmlns="http://www.w3.org/2000/svg"
        >
          <path
            d="M17.982 18.725A7.488 7.488 0 0012 15.75a7.488 7.488 0 00-5.982 2.975m11.963 0a9 9 0 10-11.963 0m11.963 0A8.966 8.966 0 0112 21a8.966 8.966 0 01-5.982-2.275M15 9.75a3 3 0 11-6 0 3 3 0 016 0z"
            strokeLinecap="round"
            strokeLinejoin="round"
          />
        </svg>
      </button>
      <ul
        className="z-[1] p-2 shadow menu menu-sm dropdown-content bg-base-100 rounded-box w-52 mt-4"
        tabIndex={0}
      >
        <li>
          <a
            className="justify-center"
            href=""
            onClick={[Function]}
            onMouseEnter={[Function]}
            onTouchStart={[Function]}
          >
            Profile
          </a>
        </li>
        <li
          className="divide-y divide-gray-200"
        >
          <a
            className="justify-center"
            href=""
            onClick={[Function]}
            onMouseEnter={[Function]}
            onTouchStart={[Function]}
          >
            Settings
          </a>
        </li>
        <span
          className="divider p-0 m-0"
        />
        <li>
          <a
            className="justify-center"
            href=""
            onClick={[Function]}
            onMouseEnter={[Function]}
            onTouchStart={[Function]}
          >
            Logout
          </a>
        </li>
      </ul>
    </div>
    <div
      className="dropdown dropdown-end hidden lg:block"
    >
      <button
        className="btn btn-ghost btn-circle avatar hidden md:hidden lg:block hover:bg-white transform scale-100 hover:scale-110 transition-transform duration-200 ease-in-out"
        tabIndex={0}
        type="button"
      >
        <svg
          className="w-6 h-6"
          fill="none"
          height="1em"
          stroke="currentColor"
          strokeLinecap="round"
          strokeLinejoin="round"
          strokeWidth="2"
          style={
            Object {
              "color": undefined,
            }
          }
          viewBox="0 0 24 24"
          width="1em"
          xmlns="http://www.w3.org/2000/svg"
        >
          <path
            d="M0 0h24v24H0z"
            fill="none"
            stroke="none"
          />
          <path
            d="M4 5h7"
          />
          <path
            d="M9 3v2c0 4.418 -2.239 8 -5 8"
          />
          <path
            d="M5 9c0 2.144 2.952 3.908 6.7 4"
          />
          <path
            d="M12 20l4 -9l4 9"
          />
          <path
            d="M19.1 18h-6.2"
          />
        </svg>
      </button>
      <ul
        className="z-[1] p-2 shadow menu menu-sm dropdown-content bg-base-100 rounded-box w-52 mt-4"
        tabIndex={0}
      >
        <li>
          <a
            className="justify-center pt-2 pb-2"
            href="/"
            onClick={[Function]}
            onMouseEnter={[Function]}
            onTouchStart={[Function]}
          >
            <span
              className="fi fi-gb rounded"
            />
             English
          </a>
        </li>
        <li>
          <a
            className=" justify-center pt-2 pb-2"
            href="/"
            onClick={[Function]}
            onMouseEnter={[Function]}
            onTouchStart={[Function]}
          >
            <span
              className="fi fi-fr rounded"
            />
             Français
          </a>
        </li>
        <li>
          <a
            className="justify-center pt-2 pb-2"
            href="/"
            onClick={[Function]}
            onMouseEnter={[Function]}
            onTouchStart={[Function]}
          >
            <span
              className="fi fi-sa rounded"
            />
             العربية
          </a>
        </li>
      </ul>
    </div>
    <div
      className="dropdown dropdown-end lg:hidden"
    >
      <label
        className="btn btn-ghost btn-circle"
        tabIndex={0}
      >
        <svg
          className="h-5 w-5"
          fill="none"
          stroke="currentColor"
          viewBox="0 0 24 24"
          xmlns="http://www.w3.org/2000/svg"
        >
          <path
            d="M4 6h16M4 12h16M4 18h7"
            strokeLinecap="round"
            strokeLinejoin="round"
            strokeWidth="2"
          />
        </svg>
      </label>
      <ul
        className="menu menu-md dropdown-content mt-3 z-[1] p-2 shadow bg-base-100 rounded-box"
        tabIndex={0}
      >
        <li>
          <a
            className="flex justify-between"
            href=""
            onClick={[Function]}
            onMouseEnter={[Function]}
            onTouchStart={[Function]}
          >
            Dashboard
             
            <span>
              <svg
                className="h-5 w-6"
                fill="currentColor"
                height="1em"
                stroke="currentColor"
                strokeWidth="0"
                style={
                  Object {
                    "color": undefined,
                  }
                }
                viewBox="0 0 496 512"
                width="1em"
                xmlns="http://www.w3.org/2000/svg"
              >
                <path
                  d="M248 8C111 8 0 119 0 256s111 248 248 248 248-111 248-248S385 8 248 8zm0 96c48.6 0 88 39.4 88 88s-39.4 88-88 88-88-39.4-88-88 39.4-88 88-88zm0 344c-58.7 0-111.3-26.6-146.5-68.2 18.8-35.4 55.6-59.8 98.5-59.8 2.4 0 4.8.4 7.1 1.1 13 4.2 26.6 6.9 40.9 6.9 14.3 0 28-2.7 40.9-6.9 2.3-.7 4.7-1.1 7.1-1.1 42.9 0 79.7 24.4 98.5 59.8C359.3 421.4 306.7 448 248 448z"
                />
              </svg>
            </span>
          </a>
        </li>
        <hr />
        <li>
          <a
            href=""
            onClick={[Function]}
            onMouseEnter={[Function]}
            onTouchStart={[Function]}
          >
            Home
          </a>
        </li>
        <li>
          <a
            href=""
            onClick={[Function]}
            onMouseEnter={[Function]}
            onTouchStart={[Function]}
          >
            About Us
          </a>
        </li>
        <li>
          <a
            href=""
            onClick={[Function]}
            onMouseEnter={[Function]}
            onTouchStart={[Function]}
          >
            Products
          </a>
        </li>
        <li>
          <a
            href=""
            onClick={[Function]}
            onMouseEnter={[Function]}
            onTouchStart={[Function]}
          >
            Blogs
          </a>
        </li>
        <li>
          <select
            className="select select-sm w-full"
          >
            <option
              disabled={true}
              selected={true}
            >
              Select a language
            </option>
            <option>
               
              <a
                href="/"
                onClick={[Function]}
                onMouseEnter={[Function]}
                onTouchStart={[Function]}
              >
                <span
                  className="fi fi-gb"
                />
                 English
              </a>
            </option>
            <option>
               
              <a
                href="/"
                onClick={[Function]}
                onMouseEnter={[Function]}
                onTouchStart={[Function]}
              >
                <span
                  className="fi fi-fr"
                />
                 Français
              </a>
            </option>
            <option>
               
              <a
                href="/"
                onClick={[Function]}
                onMouseEnter={[Function]}
                onTouchStart={[Function]}
              >
                <span
                  className="fi fi-sa"
                />
                 العربية
              </a>
            </option>
          </select>
        </li>
      </ul>
    </div>
  </div>
</div>
`;
