// Jest Snapshot v1, https://goo.gl/fbAQLP

exports[`Navbar snapshot test 1`] = `
<main>
  <div
    className="card card-compact border-none w-full relative"
  >
    <figure
      className="group"
      style={
        Object {
          "height": "100px",
          "width": "200px",
        }
      }
    >
      <img
        className="rounded"
        data-nimg="fill"
        decoding="async"
        onError={[Function]}
        onLoad={[Function]}
        src=""
        style={
          Object {
            "bottom": 0,
            "color": "transparent",
            "height": "100%",
            "left": 0,
            "objectFit": "cover",
            "objectPosition": undefined,
            "position": "absolute",
            "right": 0,
            "top": 0,
            "width": "100%",
          }
        }
      />
      <h2
        className="opacity-0 group-hover:opacity-70 bg-black bg-opacity-75 text-white text-center absolute bottom-0 left-0 right-0 p-2 rounded"
      />
    </figure>
  </div>
</main>
`;
