// Jest Snapshot v1, https://goo.gl/fbAQLP

exports[`Navbar snapshot test 1`] = `
<a
  href="/products?category="
  onClick={[Function]}
  onMouseEnter={[Function]}
  onTouchStart={[Function]}
>
  <div
    className="card card-compact border-none w-full relative"
  >
    <figure
      className="group"
    >
      <img
        className="object-cover h-28 w-60 rounded group-hover:scale-125 group-transition-all duration-700"
        data-nimg="1"
        decoding="async"
        fetchpriority="high"
        height={300}
        onError={[Function]}
        onLoad={[Function]}
        src=""
        style={
          Object {
            "color": "transparent",
          }
        }
        width={300}
      />
      <h3
        className="bg-black bg-opacity-75 text-sm font-light text-white text-center absolute bottom-0 left-0 right-0 p-2 rounded"
      />
    </figure>
  </div>
</a>
`;
