// Jest Snapshot v1, https://goo.gl/fbAQLP

exports[`renders correctly 1`] = `
<div
  className="flex justify-center items-center h-screen"
>
  <img
    alt="loading"
    data-nimg="1"
    decoding="async"
    fetchpriority="high"
    height={100}
    onError={[Function]}
    onLoad={[Function]}
    src="/_next/image?url=%2Fimg.jpg&w=256&q=75"
    srcSet="/_next/image?url=%2Fimg.jpg&w=128&q=75 1x, /_next/image?url=%2Fimg.jpg&w=256&q=75 2x"
    style={
      Object {
        "color": "transparent",
      }
    }
    width={100}
  />
</div>
`;
